# addNode expected file
# tests if a node can be added to a graph
# a node can be used to create an edge

# Create a graph
created graph g1

# Create a node
added node n1 to g1

# Print the nodes in the graph
g1 contains: n1