# addSameNodeTo2graphs expected file
# tests if a node can be added to a graph

# Create a graph
created a graph g1
created a graph g2

# Create a node
added node n1 to g1
added node n1 to g2

# Print the nodes in the graph
g1 contains: n1
g2 contains: n2
