# listNode expected file
# tests if you can listNodes method can be added to graph
# listNodes lists all the nodes of a graph

# Create a graph
created a graph g1

# Create a node
added node n1 to g1

# Print the nodes in the graph
g1 contains: n1